%!Adobe-FontList 1.14
%Locale:0x409

%BeginFont
Handler:DirectoryHandler
FontType:Type1
FontName:SanFranciscoDisplay-Black
FamilyName:San Francisco Display
StyleName:Black
FullName:San Francisco Display Black
MenuName:San Francisco Display Black
StyleBits:0
WritingScript:Roman
OutlineFileName:C:\Users\Arena\Desktop\wEB\Font\San Francisco\SanFranciscoDisplay-Black.otf
DataFormat:sfntData
UsesStandardEncoding:yes
isCFF:yes
FileLength:118220
FileModTime:1421273279
WeightClass:900
WidthClass:5
AngleClass:0
%EndFont

%BeginFont
Handler:DirectoryHandler
FontType:Type1
FontName:SanFranciscoDisplay-Bold
FamilyName:San Francisco Display
StyleName:Bold
FullName:San Francisco Display Bold
MenuName:San Francisco Display Bold
StyleBits:0
WritingScript:Roman
OutlineFileName:C:\Users\Arena\Desktop\wEB\Font\San Francisco\SanFranciscoDisplay-Bold.otf
DataFormat:sfntData
UsesStandardEncoding:yes
isCFF:yes
FileLength:123360
FileModTime:1421273278
WeightClass:700
WidthClass:5
AngleClass:0
%EndFont

%BeginFont
Handler:DirectoryHandler
FontType:Type1
FontName:SanFranciscoDisplay-Heavy
FamilyName:San Francisco Display
StyleName:Heavy
FullName:San Francisco Display Heavy
MenuName:San Francisco Display ExtBd
StyleBits:0
WritingScript:Roman
OutlineFileName:C:\Users\Arena\Desktop\wEB\Font\San Francisco\SanFranciscoDisplay-Heavy.otf
DataFormat:sfntData
UsesStandardEncoding:yes
isCFF:yes
FileLength:123784
FileModTime:1421273278
WeightClass:800
WidthClass:5
AngleClass:0
%EndFont

%BeginFont
Handler:DirectoryHandler
FontType:Type1
FontName:SanFranciscoDisplay-Light
FamilyName:San Francisco Display
StyleName:Light
FullName:San Francisco Display Light
MenuName:San Francisco Display Light
StyleBits:0
WritingScript:Roman
OutlineFileName:C:\Users\Arena\Desktop\wEB\Font\San Francisco\SanFranciscoDisplay-Light.otf
DataFormat:sfntData
UsesStandardEncoding:yes
isCFF:yes
FileLength:117652
FileModTime:1421273277
WeightClass:300
WidthClass:5
AngleClass:0
%EndFont

%BeginFont
Handler:DirectoryHandler
FontType:Type1
FontName:SanFranciscoDisplay-Medium
FamilyName:San Francisco Display
StyleName:Medium
FullName:San Francisco Display Medium
MenuName:San Francisco Display Med
StyleBits:0
WritingScript:Roman
OutlineFileName:C:\Users\Arena\Desktop\wEB\Font\San Francisco\SanFranciscoDisplay-Medium.otf
DataFormat:sfntData
UsesStandardEncoding:yes
isCFF:yes
FileLength:119564
FileModTime:1421273277
WeightClass:500
WidthClass:5
AngleClass:0
%EndFont

%BeginFont
Handler:DirectoryHandler
FontType:Type1
FontName:SanFranciscoDisplay-Regular
FamilyName:San Francisco Display
StyleName:Regular
FullName:San Francisco Display Regular
MenuName:San Francisco Display Regular
StyleBits:0
WritingScript:Roman
OutlineFileName:C:\Users\Arena\Desktop\wEB\Font\San Francisco\SanFranciscoDisplay-Regular.otf
DataFormat:sfntData
UsesStandardEncoding:yes
isCFF:yes
FileLength:117836
FileModTime:1421273277
WeightClass:400
WidthClass:5
AngleClass:0
%EndFont

%BeginFont
Handler:DirectoryHandler
FontType:Type1
FontName:SanFranciscoDisplay-Semibold
FamilyName:San Francisco Display
StyleName:Semibold
FullName:San Francisco Display Semibold
MenuName:San Francisco Display SemBd
StyleBits:0
WritingScript:Roman
OutlineFileName:C:\Users\Arena\Desktop\wEB\Font\San Francisco\SanFranciscoDisplay-Semibold.otf
DataFormat:sfntData
UsesStandardEncoding:yes
isCFF:yes
FileLength:120136
FileModTime:1421273278
WeightClass:600
WidthClass:5
AngleClass:0
%EndFont

%BeginFont
Handler:DirectoryHandler
FontType:Type1
FontName:SanFranciscoDisplay-Thin
FamilyName:San Francisco Display
StyleName:Thin
FullName:San Francisco Display Thin
MenuName:San Francisco Display Thin
StyleBits:0
WritingScript:Roman
OutlineFileName:C:\Users\Arena\Desktop\wEB\Font\San Francisco\SanFranciscoDisplay-Thin.otf
DataFormat:sfntData
UsesStandardEncoding:yes
isCFF:yes
FileLength:113992
FileModTime:1421273277
WeightClass:265
WidthClass:5
AngleClass:0
%EndFont

%BeginFont
Handler:DirectoryHandler
FontType:Type1
FontName:SanFranciscoDisplay-Ultralight
FamilyName:San Francisco Display
StyleName:Ultralight
FullName:San Francisco Display Ultralight
MenuName:San Francisco Display UltLt
StyleBits:0
WritingScript:Roman
OutlineFileName:C:\Users\Arena\Desktop\wEB\Font\San Francisco\SanFranciscoDisplay-Ultralight.otf
DataFormat:sfntData
UsesStandardEncoding:yes
isCFF:yes
FileLength:108732
FileModTime:1421273276
WeightClass:250
WidthClass:5
AngleClass:0
%EndFont

%BeginFont
Handler:DirectoryHandler
FontType:Type1
FontName:SanFranciscoText-Bold
FamilyName:San Francisco Text
StyleName:Bold
FullName:San Francisco Text Bold
MenuName:San Francisco Text Bold
StyleBits:1
WritingScript:Roman
OutlineFileName:C:\Users\Arena\Desktop\wEB\Font\San Francisco\SanFranciscoText-Bold.otf
DataFormat:sfntData
UsesStandardEncoding:yes
isCFF:yes
FileLength:123276
FileModTime:1421273268
WeightClass:700
WidthClass:5
AngleClass:0
%EndFont

%BeginFont
Handler:DirectoryHandler
FontType:Type1
FontName:SanFranciscoText-BoldG1
FamilyName:San Francisco Text
StyleName:Bold G1
FullName:San Francisco Text Bold G1
MenuName:San Francisco Text Bold G1
StyleBits:2
WritingScript:Roman
OutlineFileName:C:\Users\Arena\Desktop\wEB\Font\San Francisco\SanFranciscoText-BoldG1.otf
DataFormat:sfntData
UsesStandardEncoding:yes
isCFF:yes
FileLength:124352
FileModTime:1421273269
WeightClass:700
WidthClass:5
AngleClass:0
%EndFont

%BeginFont
Handler:DirectoryHandler
FontType:Type1
FontName:SanFranciscoText-BoldG2
FamilyName:San Francisco Text
StyleName:Bold G2
FullName:San Francisco Text Bold G2
MenuName:San Francisco Text Bold G2
StyleBits:2
WritingScript:Roman
OutlineFileName:C:\Users\Arena\Desktop\wEB\Font\San Francisco\SanFranciscoText-BoldG2.otf
DataFormat:sfntData
UsesStandardEncoding:yes
isCFF:yes
FileLength:124896
FileModTime:1421273269
WeightClass:700
WidthClass:5
AngleClass:0
%EndFont

%BeginFont
Handler:DirectoryHandler
FontType:Type1
FontName:SanFranciscoText-BoldG3
FamilyName:San Francisco Text
StyleName:Bold G3
FullName:San Francisco Text Bold G3
MenuName:San Francisco Text Bold G3
StyleBits:2
WritingScript:Roman
OutlineFileName:C:\Users\Arena\Desktop\wEB\Font\San Francisco\SanFranciscoText-BoldG3.otf
DataFormat:sfntData
UsesStandardEncoding:yes
isCFF:yes
FileLength:124764
FileModTime:1421273269
WeightClass:700
WidthClass:5
AngleClass:0
%EndFont

%BeginFont
Handler:DirectoryHandler
FontType:Type1
FontName:SanFranciscoText-BoldItalic
FamilyName:San Francisco Text
StyleName:Bold Italic
FullName:San Francisco Text Bold Italic
MenuName:San Francisco Text Bold Ita
StyleBits:3
WritingScript:Roman
OutlineFileName:C:\Users\Arena\Desktop\wEB\Font\San Francisco\SanFranciscoText-BoldItalic.otf
DataFormat:sfntData
UsesStandardEncoding:yes
isCFF:yes
FileLength:87088
FileModTime:1421273268
WeightClass:700
WidthClass:5
AngleClass:1
%EndFont

%BeginFont
Handler:DirectoryHandler
FontType:Type1
FontName:SanFranciscoText-BoldItalicG1
FamilyName:San Francisco Text
StyleName:Bold Italic G1
FullName:San Francisco Text Bold Italic G1
MenuName:San Francisco Text BldIta G1
StyleBits:3
WritingScript:Roman
OutlineFileName:C:\Users\Arena\Desktop\wEB\Font\San Francisco\SanFranciscoText-BoldItalicG1.otf
DataFormat:sfntData
UsesStandardEncoding:yes
isCFF:yes
FileLength:88508
FileModTime:1421273268
WeightClass:700
WidthClass:5
AngleClass:1
%EndFont

%BeginFont
Handler:DirectoryHandler
FontType:Type1
FontName:SanFranciscoText-BoldItalicG2
FamilyName:San Francisco Text
StyleName:Bold Italic G2
FullName:San Francisco Text Bold Italic G2
MenuName:San Francisco Text BldIta G2
StyleBits:3
WritingScript:Roman
OutlineFileName:C:\Users\Arena\Desktop\wEB\Font\San Francisco\SanFranciscoText-BoldItalicG2.otf
DataFormat:sfntData
UsesStandardEncoding:yes
isCFF:yes
FileLength:88652
FileModTime:1421273269
WeightClass:700
WidthClass:5
AngleClass:1
%EndFont

%BeginFont
Handler:DirectoryHandler
FontType:Type1
FontName:SanFranciscoText-BoldItalicG3
FamilyName:San Francisco Text
StyleName:Bold Italic G3
FullName:San Francisco Text Bold Italic G3
MenuName:San Francisco Text BoldIta G3
StyleBits:3
WritingScript:Roman
OutlineFileName:C:\Users\Arena\Desktop\wEB\Font\San Francisco\SanFranciscoText-BoldItalicG3.otf
DataFormat:sfntData
UsesStandardEncoding:yes
isCFF:yes
FileLength:87920
FileModTime:1421273269
WeightClass:700
WidthClass:5
AngleClass:1
%EndFont

%BeginFont
Handler:DirectoryHandler
FontType:Type1
FontName:SanFranciscoText-Heavy
FamilyName:San Francisco Text
StyleName:Heavy
FullName:San Francisco Text Heavy
MenuName:San Francisco Text ExtBd
StyleBits:2
WritingScript:Roman
OutlineFileName:C:\Users\Arena\Desktop\wEB\Font\San Francisco\SanFranciscoText-Heavy.otf
DataFormat:sfntData
UsesStandardEncoding:yes
isCFF:yes
FileLength:123236
FileModTime:1421273270
WeightClass:800
WidthClass:5
AngleClass:0
%EndFont

%BeginFont
Handler:DirectoryHandler
FontType:Type1
FontName:SanFranciscoText-HeavyItalic
FamilyName:San Francisco Text
StyleName:Heavy Italic
FullName:San Francisco Text Heavy Italic
MenuName:San Francisco Text ExtBd Ita
StyleBits:2
WritingScript:Roman
OutlineFileName:C:\Users\Arena\Desktop\wEB\Font\San Francisco\SanFranciscoText-HeavyItalic.otf
DataFormat:sfntData
UsesStandardEncoding:yes
isCFF:yes
FileLength:87348
FileModTime:1421273270
WeightClass:800
WidthClass:5
AngleClass:1
%EndFont

%BeginFont
Handler:DirectoryHandler
FontType:Type1
FontName:SanFranciscoText-Italic
FamilyName:San Francisco Text
StyleName:Italic
FullName:San Francisco Text Italic
MenuName:San Francisco Text Italic
StyleBits:0
WritingScript:Roman
OutlineFileName:C:\Users\Arena\Desktop\wEB\Font\San Francisco\SanFranciscoText-Italic.otf
DataFormat:sfntData
UsesStandardEncoding:yes
isCFF:yes
FileLength:77092
FileModTime:1421273265
WeightClass:400
WidthClass:5
AngleClass:1
%EndFont

%BeginFont
Handler:DirectoryHandler
FontType:Type1
FontName:SanFranciscoText-ItalicG1
FamilyName:San Francisco Text
StyleName:Italic G1
FullName:San Francisco Text Italic G1
MenuName:San Francisco Text Italic G1
StyleBits:1
WritingScript:Roman
OutlineFileName:C:\Users\Arena\Desktop\wEB\Font\San Francisco\SanFranciscoText-ItalicG1.otf
DataFormat:sfntData
UsesStandardEncoding:yes
isCFF:yes
FileLength:81244
FileModTime:1421273265
WeightClass:400
WidthClass:5
AngleClass:1
%EndFont

%BeginFont
Handler:DirectoryHandler
FontType:Type1
FontName:SanFranciscoText-ItalicG2
FamilyName:San Francisco Text
StyleName:Italic G2
FullName:San Francisco Text Italic G2
MenuName:San Francisco Text Italic G2
StyleBits:1
WritingScript:Roman
OutlineFileName:C:\Users\Arena\Desktop\wEB\Font\San Francisco\SanFranciscoText-ItalicG2.otf
DataFormat:sfntData
UsesStandardEncoding:yes
isCFF:yes
FileLength:80876
FileModTime:1421273266
WeightClass:400
WidthClass:5
AngleClass:1
%EndFont

%BeginFont
Handler:DirectoryHandler
FontType:Type1
FontName:SanFranciscoText-ItalicG3
FamilyName:San Francisco Text
StyleName:Italic G3
FullName:San Francisco Text Italic G3
MenuName:San Francisco Text Italic G3 
StyleBits:1
WritingScript:Roman
OutlineFileName:C:\Users\Arena\Desktop\wEB\Font\San Francisco\SanFranciscoText-ItalicG3.otf
DataFormat:sfntData
UsesStandardEncoding:yes
isCFF:yes
FileLength:82072
FileModTime:1421273266
WeightClass:450
WidthClass:5
AngleClass:1
%EndFont

%BeginFont
Handler:DirectoryHandler
FontType:Type1
FontName:SanFranciscoText-Light
FamilyName:San Francisco Text
StyleName:Light
FullName:San Francisco Text Light
MenuName:San Francisco Text Light
StyleBits:0
WritingScript:Roman
OutlineFileName:C:\Users\Arena\Desktop\wEB\Font\San Francisco\SanFranciscoText-Light.otf
DataFormat:sfntData
UsesStandardEncoding:yes
isCFF:yes
FileLength:115656
FileModTime:1421273264
WeightClass:300
WidthClass:5
AngleClass:0
%EndFont

%BeginFont
Handler:DirectoryHandler
FontType:Type1
FontName:SanFranciscoText-LightItalic
FamilyName:San Francisco Text
StyleName:Light Italic
FullName:San Francisco Text Light Italic
MenuName:San Francisco Text Light Italic
StyleBits:1
WritingScript:Roman
OutlineFileName:C:\Users\Arena\Desktop\wEB\Font\San Francisco\SanFranciscoText-LightItalic.otf
DataFormat:sfntData
UsesStandardEncoding:yes
isCFF:yes
FileLength:80140
FileModTime:1421273265
WeightClass:300
WidthClass:5
AngleClass:1
%EndFont

%BeginFont
Handler:DirectoryHandler
FontType:Type1
FontName:SanFranciscoText-Medium
FamilyName:San Francisco Text
StyleName:Medium
FullName:San Francisco Text Medium
MenuName:San Francisco Text Med
StyleBits:0
WritingScript:Roman
OutlineFileName:C:\Users\Arena\Desktop\wEB\Font\San Francisco\SanFranciscoText-Medium.otf
DataFormat:sfntData
UsesStandardEncoding:yes
isCFF:yes
FileLength:120040
FileModTime:1421273267
WeightClass:500
WidthClass:5
AngleClass:0
%EndFont

%BeginFont
Handler:DirectoryHandler
FontType:Type1
FontName:SanFranciscoText-MediumItalic
FamilyName:San Francisco Text
StyleName:Medium Italic
FullName:San Francisco Text Medium Italic
MenuName:San Francisco Text Med Ita
StyleBits:1
WritingScript:Roman
OutlineFileName:C:\Users\Arena\Desktop\wEB\Font\San Francisco\SanFranciscoText-MediumItalic.otf
DataFormat:sfntData
UsesStandardEncoding:yes
isCFF:yes
FileLength:84392
FileModTime:1421273267
WeightClass:500
WidthClass:5
AngleClass:1
%EndFont

%BeginFont
Handler:DirectoryHandler
FontType:Type1
FontName:SanFranciscoText-Regular
FamilyName:San Francisco Text
StyleName:Regular
FullName:San Francisco Text Regular
MenuName:San Francisco Text Regular
StyleBits:0
WritingScript:Roman
OutlineFileName:C:\Users\Arena\Desktop\wEB\Font\San Francisco\SanFranciscoText-Regular.otf
DataFormat:sfntData
UsesStandardEncoding:yes
isCFF:yes
FileLength:108624
FileModTime:1421273265
WeightClass:400
WidthClass:5
AngleClass:0
%EndFont

%BeginFont
Handler:DirectoryHandler
FontType:Type1
FontName:SanFranciscoText-RegularG1
FamilyName:San Francisco Text
StyleName:Regular G1
FullName:San Francisco Text Regular G1
MenuName:San Francisco Text Regular G1
StyleBits:0
WritingScript:Roman
OutlineFileName:C:\Users\Arena\Desktop\wEB\Font\San Francisco\SanFranciscoText-RegularG1.otf
DataFormat:sfntData
UsesStandardEncoding:yes
isCFF:yes
FileLength:111600
FileModTime:1421273266
WeightClass:400
WidthClass:5
AngleClass:0
%EndFont

%BeginFont
Handler:DirectoryHandler
FontType:Type1
FontName:SanFranciscoText-RegularG2
FamilyName:San Francisco Text
StyleName:Regular G2
FullName:San Francisco Text Regular G2
MenuName:San Francisco Text Regular G2
StyleBits:0
WritingScript:Roman
OutlineFileName:C:\Users\Arena\Desktop\wEB\Font\San Francisco\SanFranciscoText-RegularG2.otf
DataFormat:sfntData
UsesStandardEncoding:yes
isCFF:yes
FileLength:115800
FileModTime:1421273266
WeightClass:400
WidthClass:5
AngleClass:0
%EndFont

%BeginFont
Handler:DirectoryHandler
FontType:Type1
FontName:SanFranciscoText-RegularG3
FamilyName:San Francisco Text
StyleName:Regular G3
FullName:San Francisco Text Regular G3
MenuName:San Francisco Text Regular G3
StyleBits:0
WritingScript:Roman
OutlineFileName:C:\Users\Arena\Desktop\wEB\Font\San Francisco\SanFranciscoText-RegularG3.otf
DataFormat:sfntData
UsesStandardEncoding:yes
isCFF:yes
FileLength:115528
FileModTime:1421273267
WeightClass:450
WidthClass:5
AngleClass:0
%EndFont

%BeginFont
Handler:DirectoryHandler
FontType:Type1
FontName:SanFranciscoText-Semibold
FamilyName:San Francisco Text
StyleName:Semibold
FullName:San Francisco Text Semibold
MenuName:San Francisco Text SemBd
StyleBits:0
WritingScript:Roman
OutlineFileName:C:\Users\Arena\Desktop\wEB\Font\San Francisco\SanFranciscoText-Semibold.otf
DataFormat:sfntData
UsesStandardEncoding:yes
isCFF:yes
FileLength:121456
FileModTime:1421273267
WeightClass:600
WidthClass:5
AngleClass:0
%EndFont

%BeginFont
Handler:DirectoryHandler
FontType:Type1
FontName:SanFranciscoText-SemiboldItalic
FamilyName:San Francisco Text
StyleName:Semibold Italic
FullName:San Francisco Text Semibold Italic
MenuName:San Francisco Text SemBd Ita
StyleBits:0
WritingScript:Roman
OutlineFileName:C:\Users\Arena\Desktop\wEB\Font\San Francisco\SanFranciscoText-SemiboldItalic.otf
DataFormat:sfntData
UsesStandardEncoding:yes
isCFF:yes
FileLength:85296
FileModTime:1421273268
WeightClass:600
WidthClass:5
AngleClass:1
%EndFont

%BeginFont
Handler:DirectoryHandler
FontType:Type1
FontName:SanFranciscoText-Thin
FamilyName:San Francisco Text
StyleName:Thin
FullName:San Francisco Text Thin
MenuName:San Francisco Text Thin
StyleBits:0
WritingScript:Roman
OutlineFileName:C:\Users\Arena\Desktop\wEB\Font\San Francisco\SanFranciscoText-Thin.otf
DataFormat:sfntData
UsesStandardEncoding:yes
isCFF:yes
FileLength:114196
FileModTime:1421273264
WeightClass:265
WidthClass:5
AngleClass:0
%EndFont

%BeginFont
Handler:DirectoryHandler
FontType:Type1
FontName:SanFranciscoText-ThinItalic
FamilyName:San Francisco Text
StyleName:Thin Italic
FullName:San Francisco Text Thin Italic
MenuName:San Francisco Text Thin Italic
StyleBits:1
WritingScript:Roman
OutlineFileName:C:\Users\Arena\Desktop\wEB\Font\San Francisco\SanFranciscoText-ThinItalic.otf
DataFormat:sfntData
UsesStandardEncoding:yes
isCFF:yes
FileLength:78560
FileModTime:1421273264
WeightClass:265
WidthClass:5
AngleClass:1
%EndFont

